------------------------------------------------------------
TimeQuest Timing Analyzer Summary
------------------------------------------------------------

Type  : Slow 1200mV 85C Model Setup 'AUD_BCLK'
Slack : -3.875
TNS   : -63.057

Type  : Slow 1200mV 85C Model Setup 'altpll|altpll_0|sd1|pll7|clk[0]'
Slack : -3.631
TNS   : -55.782

Type  : Slow 1200mV 85C Model Setup 'altpll|altpll_0|sd1|pll7|clk[1]'
Slack : 9995.379
TNS   : 0.000

Type  : Slow 1200mV 85C Model Hold 'altpll|altpll_0|sd1|pll7|clk[0]'
Slack : 0.402
TNS   : 0.000

Type  : Slow 1200mV 85C Model Hold 'altpll|altpll_0|sd1|pll7|clk[1]'
Slack : 0.403
TNS   : 0.000

Type  : Slow 1200mV 85C Model Hold 'AUD_BCLK'
Slack : 0.437
TNS   : 0.000

Type  : Slow 1200mV 85C Model Minimum Pulse Width 'CLOCK_50'
Slack : 9.819
TNS   : 0.000

Type  : Slow 1200mV 85C Model Minimum Pulse Width 'CLOCK2_50'
Slack : 16.000
TNS   : 0.000

Type  : Slow 1200mV 85C Model Minimum Pulse Width 'CLOCK3_50'
Slack : 16.000
TNS   : 0.000

Type  : Slow 1200mV 85C Model Minimum Pulse Width 'AUD_BCLK'
Slack : 41.133
TNS   : 0.000

Type  : Slow 1200mV 85C Model Minimum Pulse Width 'altpll|altpll_0|sd1|pll7|clk[0]'
Slack : 41.368
TNS   : 0.000

Type  : Slow 1200mV 85C Model Minimum Pulse Width 'altpll|altpll_0|sd1|pll7|clk[1]'
Slack : 4999.710
TNS   : 0.000

Type  : Slow 1200mV 0C Model Setup 'AUD_BCLK'
Slack : -3.737
TNS   : -60.912

Type  : Slow 1200mV 0C Model Setup 'altpll|altpll_0|sd1|pll7|clk[0]'
Slack : -3.222
TNS   : -49.179

Type  : Slow 1200mV 0C Model Setup 'altpll|altpll_0|sd1|pll7|clk[1]'
Slack : 9995.757
TNS   : 0.000

Type  : Slow 1200mV 0C Model Hold 'altpll|altpll_0|sd1|pll7|clk[0]'
Slack : 0.354
TNS   : 0.000

Type  : Slow 1200mV 0C Model Hold 'altpll|altpll_0|sd1|pll7|clk[1]'
Slack : 0.355
TNS   : 0.000

Type  : Slow 1200mV 0C Model Hold 'AUD_BCLK'
Slack : 0.387
TNS   : 0.000

Type  : Slow 1200mV 0C Model Minimum Pulse Width 'CLOCK_50'
Slack : 9.799
TNS   : 0.000

Type  : Slow 1200mV 0C Model Minimum Pulse Width 'CLOCK2_50'
Slack : 16.000
TNS   : 0.000

Type  : Slow 1200mV 0C Model Minimum Pulse Width 'CLOCK3_50'
Slack : 16.000
TNS   : 0.000

Type  : Slow 1200mV 0C Model Minimum Pulse Width 'AUD_BCLK'
Slack : 41.183
TNS   : 0.000

Type  : Slow 1200mV 0C Model Minimum Pulse Width 'altpll|altpll_0|sd1|pll7|clk[0]'
Slack : 41.357
TNS   : 0.000

Type  : Slow 1200mV 0C Model Minimum Pulse Width 'altpll|altpll_0|sd1|pll7|clk[1]'
Slack : 4999.711
TNS   : 0.000

Type  : Fast 1200mV 0C Model Setup 'altpll|altpll_0|sd1|pll7|clk[0]'
Slack : -2.407
TNS   : -38.663

Type  : Fast 1200mV 0C Model Setup 'AUD_BCLK'
Slack : -1.759
TNS   : -27.475

Type  : Fast 1200mV 0C Model Setup 'altpll|altpll_0|sd1|pll7|clk[1]'
Slack : 9997.800
TNS   : 0.000

Type  : Fast 1200mV 0C Model Hold 'AUD_BCLK'
Slack : 0.168
TNS   : 0.000

Type  : Fast 1200mV 0C Model Hold 'altpll|altpll_0|sd1|pll7|clk[0]'
Slack : 0.182
TNS   : 0.000

Type  : Fast 1200mV 0C Model Hold 'altpll|altpll_0|sd1|pll7|clk[1]'
Slack : 0.182
TNS   : 0.000

Type  : Fast 1200mV 0C Model Minimum Pulse Width 'CLOCK_50'
Slack : 9.400
TNS   : 0.000

Type  : Fast 1200mV 0C Model Minimum Pulse Width 'CLOCK2_50'
Slack : 16.000
TNS   : 0.000

Type  : Fast 1200mV 0C Model Minimum Pulse Width 'CLOCK3_50'
Slack : 16.000
TNS   : 0.000

Type  : Fast 1200mV 0C Model Minimum Pulse Width 'AUD_BCLK'
Slack : 40.673
TNS   : 0.000

Type  : Fast 1200mV 0C Model Minimum Pulse Width 'altpll|altpll_0|sd1|pll7|clk[0]'
Slack : 41.445
TNS   : 0.000

Type  : Fast 1200mV 0C Model Minimum Pulse Width 'altpll|altpll_0|sd1|pll7|clk[1]'
Slack : 4999.780
TNS   : 0.000

------------------------------------------------------------
