------------------------------------------------------------
TimeQuest Timing Analyzer Summary
------------------------------------------------------------

Type  : Slow 1200mV 85C Model Setup 'altpll|altpll_0|sd1|pll7|clk[0]'
Slack : 66.555
TNS   : 0.000

Type  : Slow 1200mV 85C Model Setup 'altpll|altpll_0|sd1|pll7|clk[1]'
Slack : 9994.965
TNS   : 0.000

Type  : Slow 1200mV 85C Model Hold 'altpll|altpll_0|sd1|pll7|clk[0]'
Slack : 0.401
TNS   : 0.000

Type  : Slow 1200mV 85C Model Hold 'altpll|altpll_0|sd1|pll7|clk[1]'
Slack : 0.402
TNS   : 0.000

Type  : Slow 1200mV 85C Model Minimum Pulse Width 'CLOCK_50'
Slack : 9.819
TNS   : 0.000

Type  : Slow 1200mV 85C Model Minimum Pulse Width 'CLOCK2_50'
Slack : 16.000
TNS   : 0.000

Type  : Slow 1200mV 85C Model Minimum Pulse Width 'CLOCK3_50'
Slack : 16.000
TNS   : 0.000

Type  : Slow 1200mV 85C Model Minimum Pulse Width 'altpll|altpll_0|sd1|pll7|clk[0]'
Slack : 41.371
TNS   : 0.000

Type  : Slow 1200mV 85C Model Minimum Pulse Width 'AUD_BCLK'
Slack : 78.790
TNS   : 0.000

Type  : Slow 1200mV 85C Model Minimum Pulse Width 'altpll|altpll_0|sd1|pll7|clk[1]'
Slack : 4999.708
TNS   : 0.000

Type  : Slow 1200mV 0C Model Setup 'altpll|altpll_0|sd1|pll7|clk[0]'
Slack : 67.597
TNS   : 0.000

Type  : Slow 1200mV 0C Model Setup 'altpll|altpll_0|sd1|pll7|clk[1]'
Slack : 9995.409
TNS   : 0.000

Type  : Slow 1200mV 0C Model Hold 'altpll|altpll_0|sd1|pll7|clk[0]'
Slack : 0.354
TNS   : 0.000

Type  : Slow 1200mV 0C Model Hold 'altpll|altpll_0|sd1|pll7|clk[1]'
Slack : 0.354
TNS   : 0.000

Type  : Slow 1200mV 0C Model Minimum Pulse Width 'CLOCK_50'
Slack : 9.799
TNS   : 0.000

Type  : Slow 1200mV 0C Model Minimum Pulse Width 'CLOCK2_50'
Slack : 16.000
TNS   : 0.000

Type  : Slow 1200mV 0C Model Minimum Pulse Width 'CLOCK3_50'
Slack : 16.000
TNS   : 0.000

Type  : Slow 1200mV 0C Model Minimum Pulse Width 'altpll|altpll_0|sd1|pll7|clk[0]'
Slack : 41.374
TNS   : 0.000

Type  : Slow 1200mV 0C Model Minimum Pulse Width 'AUD_BCLK'
Slack : 78.790
TNS   : 0.000

Type  : Slow 1200mV 0C Model Minimum Pulse Width 'altpll|altpll_0|sd1|pll7|clk[1]'
Slack : 4999.709
TNS   : 0.000

Type  : Fast 1200mV 0C Model Setup 'altpll|altpll_0|sd1|pll7|clk[0]'
Slack : 74.464
TNS   : 0.000

Type  : Fast 1200mV 0C Model Setup 'altpll|altpll_0|sd1|pll7|clk[1]'
Slack : 9997.540
TNS   : 0.000

Type  : Fast 1200mV 0C Model Hold 'altpll|altpll_0|sd1|pll7|clk[0]'
Slack : 0.181
TNS   : 0.000

Type  : Fast 1200mV 0C Model Hold 'altpll|altpll_0|sd1|pll7|clk[1]'
Slack : 0.182
TNS   : 0.000

Type  : Fast 1200mV 0C Model Minimum Pulse Width 'CLOCK_50'
Slack : 9.400
TNS   : 0.000

Type  : Fast 1200mV 0C Model Minimum Pulse Width 'CLOCK2_50'
Slack : 16.000
TNS   : 0.000

Type  : Fast 1200mV 0C Model Minimum Pulse Width 'CLOCK3_50'
Slack : 16.000
TNS   : 0.000

Type  : Fast 1200mV 0C Model Minimum Pulse Width 'altpll|altpll_0|sd1|pll7|clk[0]'
Slack : 41.447
TNS   : 0.000

Type  : Fast 1200mV 0C Model Minimum Pulse Width 'AUD_BCLK'
Slack : 79.000
TNS   : 0.000

Type  : Fast 1200mV 0C Model Minimum Pulse Width 'AUD_BCLK'
Slack : 79.000
TNS   : 0.000

Type  : Fast 1200mV 0C Model Minimum Pulse Width 'altpll|altpll_0|sd1|pll7|clk[1]'
Slack : 4999.780
TNS   : 0.000

------------------------------------------------------------
